mode: set
github.com/siherrmann/talker/model/embeddings.go:13.61,22.51 3 1
github.com/siherrmann/talker/model/embeddings.go:22.51,24.3 1 0
github.com/siherrmann/talker/model/embeddings.go:26.2,26.25 1 1
github.com/siherrmann/talker/model/embeddings.go:26.25,28.3 1 1
github.com/siherrmann/talker/model/embeddings.go:31.2,32.65 2 1
github.com/siherrmann/talker/model/embeddings.go:32.65,35.3 2 1
github.com/siherrmann/talker/model/embeddings.go:38.2,39.64 2 1
github.com/siherrmann/talker/model/embeddings.go:39.64,42.3 2 1
github.com/siherrmann/talker/model/embeddings.go:44.2,44.68 1 1
github.com/siherrmann/talker/core/engine.go:29.106,30.55 1 1
github.com/siherrmann/talker/core/engine.go:30.55,32.3 1 1
github.com/siherrmann/talker/core/engine.go:34.2,38.16 4 0
github.com/siherrmann/talker/core/engine.go:38.16,40.3 1 0
github.com/siherrmann/talker/core/engine.go:42.2,43.23 2 0
github.com/siherrmann/talker/core/engine.go:43.23,45.55 2 0
github.com/siherrmann/talker/core/engine.go:45.55,47.86 2 0
github.com/siherrmann/talker/core/engine.go:47.86,49.5 1 0
github.com/siherrmann/talker/core/engine.go:52.3,56.17 3 0
github.com/siherrmann/talker/core/engine.go:56.17,58.4 1 0
github.com/siherrmann/talker/core/engine.go:61.2,62.26 2 0
github.com/siherrmann/talker/core/engine.go:62.26,64.55 2 0
github.com/siherrmann/talker/core/engine.go:64.55,66.89 2 0
github.com/siherrmann/talker/core/engine.go:66.89,68.5 1 0
github.com/siherrmann/talker/core/engine.go:71.3,75.17 3 0
github.com/siherrmann/talker/core/engine.go:75.17,77.4 1 0
github.com/siherrmann/talker/core/engine.go:80.2,84.8 1 0
github.com/siherrmann/talker/core/engine.go:87.99,88.23 1 0
github.com/siherrmann/talker/core/engine.go:88.23,90.3 1 0
github.com/siherrmann/talker/core/engine.go:92.2,92.20 1 0
github.com/siherrmann/talker/core/engine.go:92.20,94.3 1 0
github.com/siherrmann/talker/core/engine.go:96.2,100.16 4 0
github.com/siherrmann/talker/core/engine.go:100.16,102.3 1 0
github.com/siherrmann/talker/core/engine.go:104.2,104.31 1 0
github.com/siherrmann/talker/core/engine.go:104.31,106.3 1 0
github.com/siherrmann/talker/core/engine.go:108.2,108.46 1 0
github.com/siherrmann/talker/core/engine.go:111.122,112.23 1 0
github.com/siherrmann/talker/core/engine.go:112.23,114.3 1 0
github.com/siherrmann/talker/core/engine.go:116.2,116.20 1 0
github.com/siherrmann/talker/core/engine.go:116.20,118.3 1 0
github.com/siherrmann/talker/core/engine.go:120.2,124.16 4 0
github.com/siherrmann/talker/core/engine.go:124.16,126.3 1 0
github.com/siherrmann/talker/core/engine.go:128.2,130.12 2 0
github.com/siherrmann/talker/core/engine.go:130.12,132.41 2 0
github.com/siherrmann/talker/core/engine.go:132.41,134.4 1 0
github.com/siherrmann/talker/core/engine.go:137.2,137.43 1 0
github.com/siherrmann/talker/core/engine.go:140.99,141.32 1 0
github.com/siherrmann/talker/core/engine.go:141.32,143.3 1 0
github.com/siherrmann/talker/core/engine.go:145.2,146.16 2 0
github.com/siherrmann/talker/core/engine.go:146.16,148.3 1 0
github.com/siherrmann/talker/core/engine.go:150.2,150.31 1 0
github.com/siherrmann/talker/core/engine.go:153.37,154.22 1 0
github.com/siherrmann/talker/core/engine.go:154.22,158.3 3 0
github.com/siherrmann/talker/core/engine.go:159.2,159.12 1 0
github.com/siherrmann/talker/core/engine.go:168.98,169.18 1 1
github.com/siherrmann/talker/core/engine.go:169.18,171.3 1 1
github.com/siherrmann/talker/core/engine.go:172.2,173.23 2 1
github.com/siherrmann/talker/core/engine.go:173.23,176.3 1 1
github.com/siherrmann/talker/core/engine.go:177.2,177.17 1 1
github.com/siherrmann/talker/core/engine.go:180.98,181.18 1 1
github.com/siherrmann/talker/core/engine.go:181.18,183.3 1 1
github.com/siherrmann/talker/core/engine.go:185.2,185.26 1 1
github.com/siherrmann/talker/core/engine.go:185.26,187.27 2 1
github.com/siherrmann/talker/core/engine.go:187.27,189.4 1 1
github.com/siherrmann/talker/core/engine.go:190.3,190.19 1 1
github.com/siherrmann/talker/core/engine.go:193.2,193.72 1 1
github.com/siherrmann/talker/core/engine.go:196.121,197.18 1 1
github.com/siherrmann/talker/core/engine.go:197.18,199.3 1 1
github.com/siherrmann/talker/core/engine.go:201.2,204.12 3 1
github.com/siherrmann/talker/core/engine.go:204.12,209.27 4 1
github.com/siherrmann/talker/core/engine.go:209.27,211.28 2 0
github.com/siherrmann/talker/core/engine.go:211.28,213.5 1 0
github.com/siherrmann/talker/core/engine.go:216.3,217.30 2 1
github.com/siherrmann/talker/core/engine.go:217.30,218.13 1 1
github.com/siherrmann/talker/core/engine.go:218.13,220.5 1 1
github.com/siherrmann/talker/core/engine.go:221.4,222.37 2 1
github.com/siherrmann/talker/core/engine.go:226.2,226.32 1 1
github.com/siherrmann/talker/core/engine.go:229.36,231.2 1 1
github.com/siherrmann/talker/core/format.go:10.64,13.16 3 1
github.com/siherrmann/talker/core/format.go:13.16,15.3 1 1
github.com/siherrmann/talker/core/format.go:16.2,16.28 1 1
github.com/siherrmann/talker/handler/chat.go:21.54,26.2 1 1
github.com/siherrmann/talker/handler/chat.go:28.62,30.37 2 1
github.com/siherrmann/talker/handler/chat.go:30.37,32.3 1 1
github.com/siherrmann/talker/handler/chat.go:34.2,34.28 1 1
github.com/siherrmann/talker/handler/chat.go:34.28,36.3 1 1
github.com/siherrmann/talker/handler/chat.go:39.2,40.35 2 1
github.com/siherrmann/talker/handler/chat.go:40.35,42.3 1 1
github.com/siherrmann/talker/handler/chat.go:43.2,47.16 3 1
github.com/siherrmann/talker/handler/chat.go:47.16,49.3 1 1
github.com/siherrmann/talker/handler/chat.go:51.2,51.45 1 1
github.com/siherrmann/talker/handler/chat.go:54.110,56.16 2 1
github.com/siherrmann/talker/handler/chat.go:56.16,58.3 1 0
github.com/siherrmann/talker/handler/chat.go:60.2,67.6 6 1
github.com/siherrmann/talker/handler/chat.go:67.6,68.10 1 1
github.com/siherrmann/talker/handler/chat.go:69.39,70.14 1 0
github.com/siherrmann/talker/handler/chat.go:71.29,72.24 1 1
github.com/siherrmann/talker/handler/chat.go:72.24,74.5 1 0
github.com/siherrmann/talker/handler/chat.go:75.33,76.11 1 1
github.com/siherrmann/talker/handler/chat.go:76.11,91.49 3 1
github.com/siherrmann/talker/handler/chat.go:91.49,93.6 1 0
github.com/siherrmann/talker/handler/chat.go:94.5,94.77 1 1
github.com/siherrmann/talker/handler/chat.go:94.77,96.6 1 0
github.com/siherrmann/talker/handler/chat.go:97.5,97.55 1 1
github.com/siherrmann/talker/handler/chat.go:97.55,99.6 1 1
github.com/siherrmann/talker/handler/chat.go:100.5,100.15 1 1
github.com/siherrmann/talker/handler/chat.go:103.4,117.48 2 1
github.com/siherrmann/talker/handler/chat.go:117.48,119.5 1 0
github.com/siherrmann/talker/handler/chat.go:124.113,129.75 4 1
github.com/siherrmann/talker/handler/chat.go:129.75,131.35 2 1
github.com/siherrmann/talker/handler/chat.go:131.35,133.18 2 1
github.com/siherrmann/talker/handler/chat.go:133.18,135.5 1 0
github.com/siherrmann/talker/handler/chat.go:137.4,138.18 2 1
github.com/siherrmann/talker/handler/chat.go:138.18,139.10 1 1
github.com/siherrmann/talker/handler/chat.go:142.4,142.25 1 1
github.com/siherrmann/talker/handler/chat.go:142.25,144.5 1 0
github.com/siherrmann/talker/handler/chat.go:146.4,146.155 1 1
github.com/siherrmann/talker/handler/chat.go:148.8,150.17 2 1
github.com/siherrmann/talker/handler/chat.go:150.17,152.4 1 0
github.com/siherrmann/talker/handler/chat.go:155.2,180.36 4 1
github.com/siherrmann/talker/handler/chat.go:183.82,185.16 2 1
github.com/siherrmann/talker/handler/chat.go:185.16,187.3 1 0
github.com/siherrmann/talker/handler/chat.go:188.2,188.85 1 1
github.com/siherrmann/talker/handler/chat.go:188.85,190.3 1 0
github.com/siherrmann/talker/handler/chat.go:191.2,191.52 1 1
github.com/siherrmann/talker/handler/chat.go:191.52,193.3 1 1
github.com/siherrmann/talker/handler/chat.go:194.2,194.12 1 1
github.com/siherrmann/talker/handler/embeddings.go:15.66,19.2 1 1
github.com/siherrmann/talker/handler/embeddings.go:21.63,23.37 2 1
github.com/siherrmann/talker/handler/embeddings.go:23.37,25.3 1 0
github.com/siherrmann/talker/handler/embeddings.go:27.2,27.25 1 1
github.com/siherrmann/talker/handler/embeddings.go:27.25,29.3 1 1
github.com/siherrmann/talker/handler/embeddings.go:31.2,32.16 2 1
github.com/siherrmann/talker/handler/embeddings.go:32.16,34.3 1 0
github.com/siherrmann/talker/handler/embeddings.go:36.2,37.33 2 1
github.com/siherrmann/talker/handler/embeddings.go:37.33,43.3 1 1
github.com/siherrmann/talker/handler/embeddings.go:46.2,47.33 2 1
github.com/siherrmann/talker/handler/embeddings.go:47.33,49.3 1 1
github.com/siherrmann/talker/handler/embeddings.go:51.2,62.36 2 1
github.com/siherrmann/talker/main.go:13.18,22.70 6 1
github.com/siherrmann/talker/main.go:22.70,25.3 2 1
github.com/siherrmann/talker/main.go:25.8,28.17 3 1
github.com/siherrmann/talker/main.go:28.17,30.4 1 1
github.com/siherrmann/talker/main.go:32.2,50.16 9 1
github.com/siherrmann/talker/main.go:50.16,52.3 1 0
github.com/siherrmann/talker/main.go:54.2,55.28 2 1
github.com/siherrmann/talker/main.go:58.13,59.30 1 0
github.com/siherrmann/talker/main.go:59.30,62.3 2 0
